W0321 00:38:25.202290 22918170195136 torch/distributed/run.py:779] 
W0321 00:38:25.202290 22918170195136 torch/distributed/run.py:779] *****************************************
W0321 00:38:25.202290 22918170195136 torch/distributed/run.py:779] Setting OMP_NUM_THREADS environment variable for each process to be 1 in default, to avoid your system being overloaded, please further tune the variable for optimal performance in your application as needed. 
W0321 00:38:25.202290 22918170195136 torch/distributed/run.py:779] *****************************************
Number of GPUs available: 8
Number of GPUs available: 8
Number of GPUs available: 8
Number of GPUs available: 8Number of GPUs available: 8

Number of GPUs available: 8
Number of GPUs available: 8
Number of GPUs available: 8
Initial model loading device: cuda:0
Initial model loading device: cuda:0
Initial model loading device: cuda:0
Initial model loading device: cuda:0
Initial model loading device: cuda:0
Initial model loading device: cuda:0
Initial model loading device: cuda:0
Initial model loading device: cuda:0
Unfreezing all layers...
Total trainable parameters: 1,100,048,384
Unfreezing all layers...
Total trainable parameters: 1,100,048,384
Unfreezing all layers...
Total trainable parameters: 1,100,048,384
Unfreezing all layers...
Total trainable parameters: 1,100,048,384
Unfreezing all layers...
Total trainable parameters: 1,100,048,384
Unfreezing all layers...
Total trainable parameters: 1,100,048,384
Unfreezing all layers...
Total trainable parameters: 1,100,048,384
Unfreezing all layers...
Total trainable parameters: 1,100,048,384
